// Jest Snapshot v1, https://goo.gl/fbAQLP

exports[`Buttons renders correctly 1`] = `
<button
  class="btn primary"
  type="button"
>
  Click me
</button>
`;
